// Jest Snapshot v1, https://goo.gl/fbAQLP

exports[`PhotoView component renders correctly 1`] = `
<View
  accessibilityComponentType={undefined}
  accessibilityLabel={undefined}
  accessibilityTraits={undefined}
  accessible={true}
  hasTVPreferredFocus={undefined}
  hitSlop={undefined}
  isTVSelectable={true}
  nativeID={undefined}
  onLayout={undefined}
  onResponderGrant={[Function]}
  onResponderMove={[Function]}
  onResponderRelease={[Function]}
  onResponderTerminate={[Function]}
  onResponderTerminationRequest={[Function]}
  onStartShouldSetResponder={[Function]}
  style={Object {}}
  testID={undefined}
  tvParallaxProperties={undefined}
>
  <View
    style={
      Array [
        Object {},
        Object {
          "height": 20,
          "width": 20,
        },
      ]
    }
  >
    <Image
      source={
        Object {
          "headers": Object {
            "Authorization": "Token token",
          },
          "uri": "http://test.local/small.png",
        }
      }
      style={
        Array [
          Object {},
          Object {
            "height": 20,
            "width": 20,
          },
        ]
      }
    />
  </View>
</View>
`;
