// Jest Snapshot v1, https://goo.gl/fbAQLP

exports[`StandardHeader component renders correctly on Android 1`] = `
<View>
  <View
    style={
      Object {
        "backgroundColor": "#E62272",
        "height": undefined,
      }
    }
  >
    <StatusBar
      animated={true}
      backgroundColor="rgba(0, 0, 0, 0.20)"
      barStyle="light-content"
      translucent={true}
    />
  </View>
  <RCTSafeAreaView
    emulateUnlessSupported={true}
    style={
      Object {
        "backgroundColor": "#E62272",
      }
    }
  >
    <View
      style={
        Object {
          "alignItems": "center",
          "backgroundColor": "#E62272",
          "flexDirection": "row",
          "flexWrap": "wrap",
          "height": 56,
          "justifyContent": "flex-start",
        }
      }
    >
      <IconButton
        iconStyle={
          Object {
            "color": "#FFFFFF",
          }
        }
        name="arrow-back"
        onPress={[Function]}
        style={
          Object {
            "zIndex": 2,
          }
        }
      />
      <Text
        style={
          Object {
            "color": "#FFFFFF",
          }
        }
      >
        ThaliApp
      </Text>
      <View
        style={
          Object {
            "position": "absolute",
            "right": 0,
          }
        }
      />
    </View>
  </RCTSafeAreaView>
</View>
`;

exports[`StandardHeader component renders correctly on iOS 1`] = `
<View>
  <View
    style={
      Object {
        "backgroundColor": "#E62272",
        "height": undefined,
      }
    }
  >
    <StatusBar
      animated={true}
      backgroundColor="rgba(0, 0, 0, 0.20)"
      barStyle="light-content"
      translucent={true}
    />
  </View>
  <RCTSafeAreaView
    emulateUnlessSupported={true}
    style={
      Object {
        "backgroundColor": "#E62272",
      }
    }
  >
    <View
      style={
        Object {
          "alignItems": "center",
          "backgroundColor": "#E62272",
          "flexDirection": "row",
          "flexWrap": "wrap",
          "height": 56,
          "justifyContent": "flex-start",
        }
      }
    >
      <IconButton
        iconStyle={
          Object {
            "color": "#FFFFFF",
          }
        }
        name="arrow-back"
        onPress={[Function]}
        style={
          Object {
            "zIndex": 2,
          }
        }
      />
      <Text
        style={
          Object {
            "color": "#FFFFFF",
          }
        }
      >
        ThaliApp
      </Text>
      <View
        style={
          Object {
            "position": "absolute",
            "right": 0,
          }
        }
      />
    </View>
  </RCTSafeAreaView>
</View>
`;
