// Jest Snapshot v1, https://goo.gl/fbAQLP

exports[`Sidebar component renders correctly 1`] = `
<View
  style={
    Object {
      "alignItems": "stretch",
      "backgroundColor": "#FFFFFF",
      "flex": 1,
    }
  }
>
  <View
    accessible={true}
    focusable={true}
    onClick={[Function]}
    onResponderGrant={[Function]}
    onResponderMove={[Function]}
    onResponderRelease={[Function]}
    onResponderTerminate={[Function]}
    onResponderTerminationRequest={[Function]}
    onStartShouldSetResponder={[Function]}
    style={
      Object {
        "height": NaN,
      }
    }
  >
    <View
      accessibilityIgnoresInvertColors={true}
      style={
        Object {
          "flexDirection": "column",
          "height": NaN,
          "justifyContent": "space-between",
          "padding": 16,
          "paddingTop": NaN,
          "width": null,
        }
      }
    >
      <Image
        resizeMode="cover"
        source={
          Object {
            "testUri": "../../../app/assets/img/huygens.jpg",
          }
        }
        style={
          Array [
            Object {
              "bottom": 0,
              "left": 0,
              "position": "absolute",
              "right": 0,
              "top": 0,
            },
            Object {
              "height": NaN,
              "width": null,
            },
            undefined,
          ]
        }
      />
      <BVLinearGradient
        colors={
          Array [
            5570560,
            4278190080,
          ]
        }
        endPoint={
          Object {
            "x": 0.5,
            "y": 1,
          }
        }
        locations={null}
        startPoint={
          Object {
            "x": 0.5,
            "y": 0,
          }
        }
        style={
          Object {
            "bottom": 0,
            "left": 0,
            "opacity": 0.6,
            "position": "absolute",
            "right": 0,
            "top": 0,
          }
        }
      />
      <Image
        resizeMode="cover"
        source={
          Object {
            "uri": "photo",
          }
        }
        style={
          Object {
            "borderRadius": 32,
            "height": 64,
            "width": 64,
          }
        }
      />
      <Text
        style={
          Object {
            "color": "#FFFFFF",
            "fontSize": 14,
          }
        }
      >
        Lorem ipsum
      </Text>
    </View>
  </View>
  <View
    style={
      Object {
        "flex": 3,
      }
    }
  >
    <IconButton
      backgroundColor="#FFFFFF"
      borderRadius={0}
      color="#E62272"
      iconStyle={
        Object {
          "marginRight": 30,
          "textAlign": "center",
          "width": 28,
        }
      }
      name="home"
      onPress={[Function]}
      size={24}
      style={
        Array [
          Object {
            "padding": 16,
          },
          Object {},
        ]
      }
    >
      <Text
        style={
          Array [
            Object {
              "color": "#313131",
              "fontSize": 14,
            },
            Object {
              "color": "#E62272",
            },
          ]
        }
      >
        Welcome
      </Text>
    </IconButton>
    <IconButton
      backgroundColor="#FFFFFF"
      borderRadius={0}
      color="#313131"
      iconStyle={
        Object {
          "marginRight": 30,
          "textAlign": "center",
          "width": 28,
        }
      }
      name="event"
      onPress={[Function]}
      size={24}
      style={
        Array [
          Object {
            "padding": 16,
          },
          Object {},
        ]
      }
    >
      <Text
        style={
          Array [
            Object {
              "color": "#313131",
              "fontSize": 14,
            },
            Object {
              "color": "#313131",
            },
          ]
        }
      >
        Calendar
      </Text>
    </IconButton>
    <IconButton
      backgroundColor="#FFFFFF"
      borderRadius={0}
      color="#313131"
      iconStyle={
        Object {
          "marginRight": 30,
          "textAlign": "center",
          "width": 28,
        }
      }
      name="people"
      onPress={[Function]}
      size={24}
      style={
        Array [
          Object {
            "padding": 16,
          },
          Object {},
        ]
      }
    >
      <Text
        style={
          Array [
            Object {
              "color": "#313131",
              "fontSize": 14,
            },
            Object {
              "color": "#313131",
            },
          ]
        }
      >
        Member List
      </Text>
    </IconButton>
    <IconButton
      backgroundColor="#FFFFFF"
      borderRadius={0}
      color="#313131"
      iconStyle={
        Object {
          "marginRight": 30,
          "textAlign": "center",
          "width": 28,
        }
      }
      name="photo"
      onPress={[Function]}
      size={24}
      style={
        Array [
          Object {
            "padding": 16,
          },
          Object {},
        ]
      }
    >
      <Text
        style={
          Array [
            Object {
              "color": "#313131",
              "fontSize": 14,
            },
            Object {
              "color": "#313131",
            },
          ]
        }
      >
        Photos
      </Text>
    </IconButton>
    <IconButton
      backgroundColor="#FFFFFF"
      borderRadius={0}
      color="#313131"
      iconStyle={
        Object {
          "marginRight": 30,
          "textAlign": "center",
          "width": 28,
        }
      }
      name="settings"
      onPress={[Function]}
      size={24}
      style={
        Array [
          Object {
            "padding": 16,
          },
          Object {},
        ]
      }
    >
      <Text
        style={
          Array [
            Object {
              "color": "#313131",
              "fontSize": 14,
            },
            Object {
              "color": "#313131",
            },
          ]
        }
      >
        Settings
      </Text>
    </IconButton>
    <IconButton
      backgroundColor="#FFFFFF"
      borderRadius={0}
      color="#313131"
      iconStyle={
        Object {
          "marginRight": 30,
          "textAlign": "center",
          "width": 28,
        }
      }
      name="lock"
      onPress={[Function]}
      size={24}
      style={
        Array [
          Object {
            "padding": 16,
          },
          Object {
            "borderTopColor": "#BBBBBB",
            "borderTopWidth": 1,
          },
        ]
      }
    >
      <Text
        style={
          Array [
            Object {
              "color": "#313131",
              "fontSize": 14,
            },
            Object {
              "color": "#313131",
            },
          ]
        }
      >
        Logout
      </Text>
    </IconButton>
  </View>
</View>
`;
